// Vitest Snapshot v1, https://vitest.dev/guide/snapshot.html

exports[`verification > should have all contracts verified except for the known set of errors 1`] = `
[
  {
    "item": {
      "chainId": 421614,
      "path": [
        "AaveV3ArbitrumSepolia",
        "ASSETS",
        "USDC",
        "INTEREST_RATE_STRATEGY",
      ],
      "value": "0x5C0A210C9C0df2Ab147BDE7D9583c07cEb3131CD",
    },
  },
  {
    "item": {
      "chainId": 421614,
      "path": [
        "AaveV3ArbitrumSepolia",
        "ASSETS",
        "WETH",
        "INTEREST_RATE_STRATEGY",
      ],
      "value": "0x46d3a2A27E2c700d74f21AD3290A20cB8437F7b7",
    },
  },
  {
    "item": {
      "chainId": 11155420,
      "path": [
        "AaveV3OptimismSepolia",
        "RATES_FACTORY",
      ],
      "value": "0x83E0E6095a318446b313f7D27e0c33Ed1e9c0213",
    },
  },
  {
    "item": {
      "chainId": 11155420,
      "path": [
        "AaveV3OptimismSepolia",
        "ASSETS",
        "USDC",
        "INTEREST_RATE_STRATEGY",
      ],
      "value": "0xd6a6339c6C1B5a8792afA6e0E80b1908b8579f51",
    },
  },
  {
    "item": {
      "chainId": 11155420,
      "path": [
        "AaveV3OptimismSepolia",
        "ASSETS",
        "WETH",
        "INTEREST_RATE_STRATEGY",
      ],
      "value": "0xaFb7Bc3f69A8Cc6a49823eFF9E3974CD49181A9c",
    },
  },
]
`;
