// Vitest Snapshot v1, https://vitest.dev/guide/snapshot.html

exports[`verification > should have all contracts verified except for the known set of errors 1`] = `
[
  {
    "item": {
      "chainId": 42220,
      "path": [
        "GovernanceV3Celo",
        "GOVERNANCE_GUARDIAN",
      ],
      "value": "0x056E4C4E80D1D14a637ccbD0412CDAAEc5B51F4E",
    },
  },
  {
    "item": {
      "chainId": 42220,
      "path": [
        "MiscCelo",
        "PROTOCOL_GUARDIAN",
      ],
      "value": "0x88E7aB6ee481Cf92e548c0e1169F824F99142c85",
    },
  },
  {
    "item": {
      "chainId": 5000,
      "path": [
        "MiscMantle",
        "PROTOCOL_GUARDIAN",
      ],
      "value": "0x172867391d690Eb53896623DaD22208624230686",
    },
  },
]
`;
